#	template/TEST/template.sh/FVT-option-help-002.expected  3.436.683  2019-08-22T22:43:25.667782-05:00 (CDT)  https://github.com/BradleyA/user-files.git  uadmin  one-rpi3b.cptx86.com 3.435  
#	   hooks/bin/list-git-TEST-cases.sh  changed print order so when using clean option it display the directory first 
