template/template.sh 3.256.496
#	template/TEST/template.sh/FVT-option-version-001.expected  3.257.497  2019-08-13T23:58:38.343761-05:00 (CDT)  https://github.com/BradleyA/user-files.git  uadmin  one-rpi3b.cptx86.com 3.256  
#	   testing shellcheck 
